// Jest Snapshot v1, https://goo.gl/fbAQLP

exports[`HomePage should render correctly 1`] = `
<vcontainer-stub
  class="pa-0"
  fluid=""
>
  <itemlist-stub />
</vcontainer-stub>
`;
